#version 150
// cgc-bind input cg_TEXCOORD0 TEXCOORD0
// cgc-bind output cg_COLOR0 COLOR0
// cgc-bind builtin gl_FragDepth DEPTH0

struct FragmentOut
{
    vec4 color;
};

in vec4 cg_TEXCOORD0;
out vec4 cg_COLOR0;

void main()
{
    vec4 color;
    float depth;
    FragmentOut cg_output;
    int index;
    color = cg_TEXCOORD0;
    cg_output.color = color;
    depth = 0.25;
    if (color.x > 0.75)
    {
        depth = 0.5;
        cg_COLOR0 = cg_output.color;
        gl_FragDepth = depth;
        return;
    }
    for (index = 0; index < 1; index = index + 1)
    {
        if (color.y > 0.75)
        {
            depth = 0.75;
            cg_COLOR0 = cg_output.color;
            gl_FragDepth = depth;
            return;
        }
    }
    depth = 1.0;
    cg_COLOR0 = cg_output.color;
    gl_FragDepth = depth;
}
