// profile hlslv
// target vs_3_0
// var float entry :  : c[0] : 1 : 1

float cg_entry_1 : register(c0);

struct cg_VertexOut
{
    float4 position;
};

struct cg_VertexIn
{
    float4 position : POSITION0;
};

struct cg_VertexOut_1
{
    float4 position : POSITION0;
};

cg_VertexOut cg_entry(float4 position)
{
    cg_VertexOut cg_output;
    cg_output.position = position * cg_entry_1;
    return cg_output;
}

cg_VertexOut_1 main(cg_VertexIn input)
{
    cg_VertexOut_1 output;
    cg_VertexOut cg_result;
    cg_result = cg_entry(input.position);
    output.position = cg_result.position;
    return output;
}
