// cgc-msl-abi version=1 profile=mslf language=2.0
// cgc-msl-entry source=main metal=cg_mslf_main
// cgc-msl-builtin semantic=COLOR0 attribute=color(0) type=float4
#include <metal_stdlib>
using namespace metal;

struct cg_Output {
    float4 cg_COLOR0 [[color(0)]];
};
float4 cg_fn_0();
float cg_fn_4(float cg_v_5);
float4 cg_fn_0()
{
    int cg_v_1;
    int cg_v_2;
    int cg_v_3;
    (cg_v_1 = int(0));
    (cg_v_3 = int(0));
    {
        (cg_v_2 = int(0));
        for (; (cg_v_2 < int(4)); (cg_v_2++)) {
            {
                if ((cg_v_2 == int(1))) {
                    continue;
                }
                (cg_v_1 += cg_v_2);
            }
        }
    }
    do {
        {
            (cg_v_3++);
        }
    }
    while ((cg_v_3 < int(2)));
    while ((cg_v_3 < int(4))) {
        {
            (cg_v_3++);
            if ((cg_v_3 == int(3))) {
                break;
            }
        }
    }
    return float4((cg_fn_4(float(cg_v_1)) / float(2.000000000e+00f)), float(cg_v_3), float(0), float(1));
}

float cg_fn_4(float cg_v_5)
{
    return (cg_v_5 * float(2.000000000e+00f));
}

fragment cg_Output cg_mslf_main()
{
    float4 cg_value = cg_fn_0();
    cg_Output cg_result;
    cg_result.cg_COLOR0 = cg_value;
    return cg_result;
}
// End of program
