// cgc-msl-abi version=1 profile=mslf language=2.0
// cgc-msl-entry source=main metal=cg_mslf_main
// cgc-msl-varying semantic=COLOR0 field=cg_COLOR0 type=float4 interpolation=perspective
// cgc-msl-builtin semantic=COLOR0 attribute=color(0) type=float4
#include <metal_stdlib>
using namespace metal;

struct cg_Input {
    float4 cg_COLOR0 [[user(cg_COLOR0)]];
};
struct cg_Output {
    float4 cg_COLOR0 [[color(0)]];
};
float4 cg_fn_main_0(float4 cg_v_color_1);
float4 cg_fn_main_0(float4 cg_v_color_1)
{
    return cg_v_color_1;
}

fragment cg_Output cg_mslf_main(cg_Input cg_in [[stage_in]])
{
    float4 cg_v_color_1;
    cg_v_color_1 = cg_in.cg_COLOR0;
    float4 cg_value = cg_fn_main_0(cg_v_color_1);
    cg_Output cg_result;
    cg_result.cg_COLOR0 = cg_value;
    return cg_result;
}
// End of program
