// cgc-msl-abi version=1 profile=mslv language=2.0
// cgc-msl-entry source=main metal=cg_mslv_main
// cgc-msl-resource path=image texture=3 sampler=3 type=2d
// cgc-msl-attribute semantic=ATTRIB0 index=0 type=float4
// cgc-msl-varying semantic=COLOR0 field=cg_COLOR0 type=float4 interpolation=perspective
// cgc-msl-builtin semantic=POSITION0 attribute=position type=float4
#include <metal_stdlib>
using namespace metal;

struct cg_type_1 {
    float4 cg_field_2;
    float4 cg_field_3;
};
struct cg_Input {
    float4 cg_ATTRIB0 [[attribute(0)]];
};
struct cg_Output {
    float4 cg_POSITION0 [[position]];
    float4 cg_COLOR0 [[user(cg_COLOR0)]];
};
cg_type_1 cg_fn_0(float4 cg_v_4, texture2d<float> cg_v_5, sampler cg_v_5_s);
cg_type_1 cg_fn_0(float4 cg_v_4, texture2d<float> cg_v_5, sampler cg_v_5_s)
{
    float4 cg_copy_7;
    cg_type_1 cg_v_6;
    ((cg_v_6).cg_field_2 = cg_v_4);
    ((cg_v_6).cg_field_3 = ((cg_copy_7 = float4(float4(5.000000000e-01f, 5.000000000e-01f, float(0), float(1)))), cg_v_5.sample(cg_v_5_s, (cg_copy_7).xy, level((cg_copy_7).w))));
    return cg_v_6;
}

vertex cg_Output cg_mslv_main(cg_Input cg_in [[stage_in]], texture2d<float> cg_v_5 [[texture(3)]], sampler cg_v_5_s [[sampler(3)]])
{
    float4 cg_v_4;
    cg_v_4 = cg_in.cg_ATTRIB0;
    cg_type_1 cg_value = cg_fn_0(cg_v_4, cg_v_5, cg_v_5_s);
    cg_Output cg_result;
    cg_result.cg_POSITION0 = cg_value.cg_field_2;
    cg_result.cg_COLOR0 = cg_value.cg_field_3;
    return cg_result;
}
// End of program
