// cgc-msl-abi version=1 profile=mslf language=2.0
// cgc-msl-entry source=main metal=cg_mslf_main
// cgc-msl-varying semantic=TEXCOORD1 field=cg_TEXCOORD1 type=float3 interpolation=perspective
// cgc-msl-builtin semantic=COLOR0 attribute=color(0) type=float4
#include <metal_stdlib>
using namespace metal;

struct cg_Input {
    float3 cg_TEXCOORD1 [[user(cg_TEXCOORD1)]];
};
struct cg_Output {
    float4 cg_COLOR0 [[color(0)]];
};
float4 cg_fn_0(float3 cg_v_1);
float4 cg_fn_0(float3 cg_v_1)
{
    return float4((cg_v_1).x, (cg_v_1).y, (cg_v_1).z, float(1));
}

fragment cg_Output cg_mslf_main(cg_Input cg_in [[stage_in]])
{
    float3 cg_v_1;
    cg_v_1 = cg_in.cg_TEXCOORD1;
    float4 cg_value = cg_fn_0(cg_v_1);
    cg_Output cg_result;
    cg_result.cg_COLOR0 = cg_value;
    return cg_result;
}
// End of program
