// cgc-msl-abi version=1 profile=mslf language=2.0
// cgc-msl-entry source=main metal=cg_mslf_main
// cgc-msl-resource path=image texture=3 sampler=3 type=2d
// cgc-msl-builtin semantic=COLOR0 attribute=color(0) type=float4
#include <metal_stdlib>
using namespace metal;

struct cg_Output {
    float4 cg_COLOR0 [[color(0)]];
};
float4 cg_fn_main_0(texture2d<float> cg_v_image_1, sampler cg_v_image_1_s);
float4 cg_fn_nested_2(texture2d<float> cg_v_image_3, sampler cg_v_image_3_s, float2 cg_v_uv_4);
float4 cg_fn_sample_image_5(texture2d<float> cg_v_image_6, sampler cg_v_image_6_s, float2 cg_v_uv_7);
float4 cg_fn_main_0(texture2d<float> cg_v_image_1, sampler cg_v_image_1_s)
{
    return cg_fn_nested_2(cg_v_image_1, cg_v_image_1_s, float2(float2(7.500000000e-01f, 2.500000000e-01f)));
}

float4 cg_fn_nested_2(texture2d<float> cg_v_image_3, sampler cg_v_image_3_s, float2 cg_v_uv_4)
{
    return cg_fn_sample_image_5(cg_v_image_3, cg_v_image_3_s, cg_v_uv_4);
}

float4 cg_fn_sample_image_5(texture2d<float> cg_v_image_6, sampler cg_v_image_6_s, float2 cg_v_uv_7)
{
    return cg_v_image_6.sample(cg_v_image_6_s, cg_v_uv_7);
}

fragment cg_Output cg_mslf_main(texture2d<float> cg_v_image_1 [[texture(3)]], sampler cg_v_image_1_s [[sampler(3)]])
{
    float4 cg_value = cg_fn_main_0(cg_v_image_1, cg_v_image_1_s);
    cg_Output cg_result;
    cg_result.cg_COLOR0 = cg_value;
    return cg_result;
}
// End of program
