// profile hlslg50
// target gs_5_0
// cgc-bind interface out POSITION float4 SV_Position SV_Position system default
// cgc-bind interface in position float4 SV_Position SV_Position system default

struct cg_GeometryOut
{
    float4 position : SV_Position;
};

struct cg_GeometryIn
{
    float4 position : SV_Position;
};

void cg_entry(float4 position[1], inout PointStream<cg_GeometryOut> cgc_stream, inout cg_GeometryOut cgc_output)
{
    int i;
    float4 temp1;
    for (i = 0; i < 3; i = i + 1)
    {
        {
            {
                temp1 = position[0] + float4((float) i, 0.0, 0.0, 0.0);
                cgc_output.position = temp1;
                cgc_stream.Append(cgc_output);
            }
        }
    }
}

[maxvertexcount(3)]
void main(point cg_GeometryIn input[1], inout PointStream<cg_GeometryOut> cgc_stream)
{
    float4 position[1];
    cg_GeometryOut cgc_output = (cg_GeometryOut) 0;
    position[0] = input[0].position;
    cg_entry(position, cgc_stream, cgc_output);
    return;
}
