// profile hlslg50
// target gs_5_0
// cgc-bind interface in position float4 SV_Position SV_Position system default

struct cg_GeometryIn
{
    float4 position : SV_Position;
};

void cg_entry(float4 position[4])
{
    return;
}

void main(cg_GeometryIn input[4])
{
    float4 position[4];
    position[0] = input[0].position;
    position[1] = input[1].position;
    position[2] = input[2].position;
    position[3] = input[3].position;
    cg_entry(position);
    return;
}
