// profile hlslg50
// target gs_5_0
// cgc-bind interface in position float4 SV_Position SV_Position system default
// cgc-bind interface in vertexId int CG_VERTEXID0 CG_VERTEXID0 user nointerpolation

struct cg_GeometryIn
{
    float4 position : SV_Position;
    nointerpolation int vertexId : CG_VERTEXID0;
};

void cg_entry(float4 position[1], int vertexId[1])
{
    return;
}

void main(cg_GeometryIn input[1])
{
    float4 position[1];
    int vertexId[1];
    position[0] = input[0].position;
    vertexId[0] = input[0].vertexId;
    cg_entry(position, vertexId);
    return;
}
