!!ARBvp1.0
#vendor NVIDIA Corporation
#version 1.0
#profile arbvp1
#program main
#semantic main.modelViewProjection
#var float4 position : $vin.POSITION : POSITION : 0 : 1
#var float4x4 modelViewProjection :  : c[0], 4 : 1 : 1
#var float4 main : $vout.POSITION : HPOS : -1 : 1
TEMP R0;
TEMP R1;
TEMP R2;
TEMP R3;
TEMP R4;
TEMP R5;
PARAM c[3] = { program.local[0..3] };
MOV R0, c[1];
MOV R1, c[2];
MOV R2, c[3];
MOV R0, vertex.position;
MOV R1, c[0];
MOV R2, R0;
DP4 R3.x, R1, R2;
MOV R4.x, R3.xwww;
MOV R3.x, R4.xxxx;
DP4 R4.x, R0, R0;
MOV R5.x, R4.xwww;
MOV R3.y, R5.xxxx;
DP4 R4.x, R1, R0;
MOV R1.x, R4.xwww;
MOV R3.z, R1.xxxx;
DP4 R1.x, R2, R0;
MOV R0.x, R1.xwww;
MOV R3.w, R0.xxxx;
MOV result.position, R3;
END
# 19 instructions, 6 R-regs
