#version 110
// cgc-bind varying cg_TEXCOORD0 TEXCOORD0
// cgc-bind sampler image 0
// cgc-bind builtin gl_FragColor COLOR0

struct FragmentOut
{
    vec4 color;
};

varying vec2 cg_TEXCOORD0;
uniform sampler2D image;

void main()
{
    vec2 texcoord;
    FragmentOut cg_output;
    texcoord = cg_TEXCOORD0;
    cg_output.color = texture2D(image, texcoord);
    gl_FragColor = cg_output.color;
}
