#version 110
// cgc-bind attribute cg_ATTRIB0 ATTRIB0
// cgc-bind builtin gl_Position POSITION0

struct VertexOut
{
    vec4 position;
};

attribute vec4 cg_ATTRIB0;

void main()
{
    vec4 main_1;
    VertexOut cg_output;
    main_1 = cg_ATTRIB0;
    cg_output.position = main_1;
    gl_Position = cg_output.position;
}
