#version 110
// cgc-bind attribute cg_ATTRIB0 ATTRIB0
// cgc-bind builtin gl_Position POSITION0

struct VertexOut
{
    vec4 position;
};

attribute vec4 cg_ATTRIB0;

void main()
{
    vec4 position;
    VertexOut output;
    position = cg_ATTRIB0;
    output.position = position;
    gl_Position = output.position;
}
